{
  "version": "1.5.0",
  "plugins_used": [
    {
      "name": "ArtifactoryDetector"
    },
    {
      "name": "AWSKeyDetector"
    },
    {
      "name": "AzureStorageKeyDetector"
    },
    {
      "name": "Base64HighEntropyString",
      "limit": 4.5
    },
    {
      "name": "BasicAuthDetector"
    },
    {
      "name": "CloudantDetector"
    },
    {
      "name": "DiscordBotTokenDetector"
    },
    {
      "name": "GitHubTokenDetector"
    },
    {
      "name": "GitLabTokenDetector"
    },
    {
      "name": "HexHighEntropyString",
      "limit": 3.0
    },
    {
      "name": "IbmCloudIamDetector"
    },
    {
      "name": "IbmCosHmacDetector"
    },
    {
      "name": "IPPublicDetector"
    },
    {
      "name": "JwtTokenDetector"
    },
    {
      "name": "KeywordDetector",
      "keyword_exclude": ""
    },
    {
      "name": "MailchimpDetector"
    },
    {
      "name": "NpmDetector"
    },
    {
      "name": "OpenAIDetector"
    },
    {
      "name": "PrivateKeyDetector"
    },
    {
      "name": "PypiTokenDetector"
    },
    {
      "name": "SendGridDetector"
    },
    {
      "name": "SlackDetector"
    },
    {
      "name": "SoftlayerDetector"
    },
    {
      "name": "SquareOAuthDetector"
    },
    {
      "name": "StripeDetector"
    },
    {
      "name": "TelegramBotTokenDetector"
    },
    {
      "name": "TwilioKeyDetector"
    }
  ],
  "filters_used": [
    {
      "path": "detect_secrets.filters.allowlist.is_line_allowlisted"
    },
    {
      "path": "detect_secrets.filters.common.is_baseline_file",
      "filename": ".secrets.baseline"
    },
    {
      "path": "detect_secrets.filters.common.is_ignored_due_to_verification_policies",
      "min_level": 2
    },
    {
      "path": "detect_secrets.filters.heuristic.is_indirect_reference"
    },
    {
      "path": "detect_secrets.filters.heuristic.is_likely_id_string"
    },
    {
      "path": "detect_secrets.filters.heuristic.is_lock_file"
    },
    {
      "path": "detect_secrets.filters.heuristic.is_not_alphanumeric_string"
    },
    {
      "path": "detect_secrets.filters.heuristic.is_potential_uuid"
    },
    {
      "path": "detect_secrets.filters.heuristic.is_prefixed_with_dollar_sign"
    },
    {
      "path": "detect_secrets.filters.heuristic.is_sequential_string"
    },
    {
      "path": "detect_secrets.filters.heuristic.is_swagger_file"
    },
    {
      "path": "detect_secrets.filters.heuristic.is_templated_secret"
    },
    {
      "path": "detect_secrets.filters.regex.should_exclude_file",
      "pattern": [
        "^\\.venv/",
        "^\\.git/",
        "_cache/",
        "^\\.env$"
      ]
    }
  ],
  "results": {
    "docs/inventory.md": [
      {
        "type": "Secret Keyword",
        "filename": "docs/inventory.md",
        "hashed_secret": "724fc7d1f760995015ee1047469166f685d1be73",
        "is_verified": false,
        "line_number": 36
      }
    ],
    "playbooks/auth/test_errors.yml": [
      {
        "type": "Secret Keyword",
        "filename": "playbooks/auth/test_errors.yml",
        "hashed_secret": "c243e688f419f1244ad9ceac9ed6904399d293f6",
        "is_verified": false,
        "line_number": 44
      }
    ],
    "playbooks/dhcp/test_errors.yml": [
      {
        "type": "Secret Keyword",
        "filename": "playbooks/dhcp/test_errors.yml",
        "hashed_secret": "c243e688f419f1244ad9ceac9ed6904399d293f6",
        "is_verified": false,
        "line_number": 45
      }
    ],
    "playbooks/dns/test_errors.yml": [
      {
        "type": "Secret Keyword",
        "filename": "playbooks/dns/test_errors.yml",
        "hashed_secret": "c243e688f419f1244ad9ceac9ed6904399d293f6",
        "is_verified": false,
        "line_number": 47
      }
    ],
    "playbooks/firewall/test_errors.yml": [
      {
        "type": "Secret Keyword",
        "filename": "playbooks/firewall/test_errors.yml",
        "hashed_secret": "c243e688f419f1244ad9ceac9ed6904399d293f6",
        "is_verified": false,
        "line_number": 48
      }
    ],
    "playbooks/interfaces/test_errors.yml": [
      {
        "type": "Secret Keyword",
        "filename": "playbooks/interfaces/test_errors.yml",
        "hashed_secret": "c243e688f419f1244ad9ceac9ed6904399d293f6",
        "is_verified": false,
        "line_number": 46
      }
    ],
    "playbooks/routing/test_errors.yml": [
      {
        "type": "Secret Keyword",
        "filename": "playbooks/routing/test_errors.yml",
        "hashed_secret": "c243e688f419f1244ad9ceac9ed6904399d293f6",
        "is_verified": false,
        "line_number": 42
      }
    ],
    "playbooks/services/test_errors.yml": [
      {
        "type": "Secret Keyword",
        "filename": "playbooks/services/test_errors.yml",
        "hashed_secret": "c243e688f419f1244ad9ceac9ed6904399d293f6",
        "is_verified": false,
        "line_number": 45
      }
    ],
    "playbooks/shaper/test_errors.yml": [
      {
        "type": "Secret Keyword",
        "filename": "playbooks/shaper/test_errors.yml",
        "hashed_secret": "c243e688f419f1244ad9ceac9ed6904399d293f6",
        "is_verified": false,
        "line_number": 48
      }
    ],
    "playbooks/trust/test_errors.yml": [
      {
        "type": "Secret Keyword",
        "filename": "playbooks/trust/test_errors.yml",
        "hashed_secret": "c243e688f419f1244ad9ceac9ed6904399d293f6",
        "is_verified": false,
        "line_number": 45
      }
    ],
    "playbooks/vpn/test_errors.yml": [
      {
        "type": "Secret Keyword",
        "filename": "playbooks/vpn/test_errors.yml",
        "hashed_secret": "c243e688f419f1244ad9ceac9ed6904399d293f6",
        "is_verified": false,
        "line_number": 43
      }
    ],
    "plugins/modules/opnsense_wg_client.py": [
      {
        "type": "Base64 High Entropy String",
        "filename": "plugins/modules/opnsense_wg_client.py",
        "hashed_secret": "3a5fc8199a0e4bde1d01d7c8843ba1e62a456cba",
        "is_verified": false,
        "line_number": 108
      }
    ],
    "tests/unit/fixtures/seed/full.json": [
      {
        "type": "Secret Keyword",
        "filename": "tests/unit/fixtures/seed/full.json",
        "hashed_secret": "96183b09b81b8044d0a9d64f89a3afd47122a086",
        "is_verified": false,
        "line_number": 23
      },
      {
        "type": "Secret Keyword",
        "filename": "tests/unit/fixtures/seed/full.json",
        "hashed_secret": "be718e139c470976dc3fd1fa0c3e3d274cf4fd78",
        "is_verified": false,
        "line_number": 28
      }
    ]
  },
  "generated_at": "2026-09-09T19:43:32Z"
}
