{
  "version": "1.5.0",
  "plugins_used": [
    {
      "name": "ArtifactoryDetector"
    },
    {
      "name": "AWSKeyDetector"
    },
    {
      "name": "AzureStorageKeyDetector"
    },
    {
      "name": "Base64HighEntropyString",
      "limit": 4.5
    },
    {
      "name": "BasicAuthDetector"
    },
    {
      "name": "CloudantDetector"
    },
    {
      "name": "DiscordBotTokenDetector"
    },
    {
      "name": "GitHubTokenDetector"
    },
    {
      "name": "GitLabTokenDetector"
    },
    {
      "name": "HexHighEntropyString",
      "limit": 3.0
    },
    {
      "name": "IbmCloudIamDetector"
    },
    {
      "name": "IbmCosHmacDetector"
    },
    {
      "name": "IPPublicDetector"
    },
    {
      "name": "JwtTokenDetector"
    },
    {
      "name": "KeywordDetector",
      "keyword_exclude": ""
    },
    {
      "name": "MailchimpDetector"
    },
    {
      "name": "NpmDetector"
    },
    {
      "name": "OpenAIDetector"
    },
    {
      "name": "PrivateKeyDetector"
    },
    {
      "name": "PypiTokenDetector"
    },
    {
      "name": "SendGridDetector"
    },
    {
      "name": "SlackDetector"
    },
    {
      "name": "SoftlayerDetector"
    },
    {
      "name": "SquareOAuthDetector"
    },
    {
      "name": "StripeDetector"
    },
    {
      "name": "TelegramBotTokenDetector"
    },
    {
      "name": "TwilioKeyDetector"
    }
  ],
  "filters_used": [
    {
      "path": "detect_secrets.filters.allowlist.is_line_allowlisted"
    },
    {
      "path": "detect_secrets.filters.common.is_ignored_due_to_verification_policies",
      "min_level": 2
    },
    {
      "path": "detect_secrets.filters.heuristic.is_indirect_reference"
    },
    {
      "path": "detect_secrets.filters.heuristic.is_likely_id_string"
    },
    {
      "path": "detect_secrets.filters.heuristic.is_lock_file"
    },
    {
      "path": "detect_secrets.filters.heuristic.is_not_alphanumeric_string"
    },
    {
      "path": "detect_secrets.filters.heuristic.is_potential_uuid"
    },
    {
      "path": "detect_secrets.filters.heuristic.is_prefixed_with_dollar_sign"
    },
    {
      "path": "detect_secrets.filters.heuristic.is_sequential_string"
    },
    {
      "path": "detect_secrets.filters.heuristic.is_swagger_file"
    },
    {
      "path": "detect_secrets.filters.heuristic.is_templated_secret"
    },
    {
      "path": "detect_secrets.filters.regex.should_exclude_file",
      "pattern": [
        "^\\.venv/",
        "^\\.git/",
        "_cache/",
        "^\\.env$"
      ]
    }
  ],
  "results": {
    ".ansible/collections/ansible_collections/by_systems/opnsense/FILES.json": [
      {
        "type": "Hex High Entropy String",
        "filename": ".ansible/collections/ansible_collections/by_systems/opnsense/FILES.json",
        "hashed_secret": "f27256ed42af1e0b0ed942cef742ad99a0b73d2b",
        "is_verified": false,
        "line_number": 14
      },
      {
        "type": "Hex High Entropy String",
        "filename": ".ansible/collections/ansible_collections/by_systems/opnsense/FILES.json",
        "hashed_secret": "457ac870c7bd4c18c6714a298ef7e20b97dc147a",
        "is_verified": false,
        "line_number": 21
      },
      {
        "type": "Hex High Entropy String",
        "filename": ".ansible/collections/ansible_collections/by_systems/opnsense/FILES.json",
        "hashed_secret": "41deb4536a0f8ae949621c8e90e4129a3cdb6c9b",
        "is_verified": false,
        "line_number": 28
      },
      {
        "type": "Hex High Entropy String",
        "filename": ".ansible/collections/ansible_collections/by_systems/opnsense/FILES.json",
        "hashed_secret": "70ab33957342c03d2876e862da50428748a1ccc3",
        "is_verified": false,
        "line_number": 35
      },
      {
        "type": "Hex High Entropy String",
        "filename": ".ansible/collections/ansible_collections/by_systems/opnsense/FILES.json",
        "hashed_secret": "244f421f896bdcdd2784dccf4eaf7c8dfd5189b5",
        "is_verified": false,
        "line_number": 63
      },
      {
        "type": "Hex High Entropy String",
        "filename": ".ansible/collections/ansible_collections/by_systems/opnsense/FILES.json",
        "hashed_secret": "0d91d4ffc6ac4ec5bd90e7cc764c4dcf608c0543",
        "is_verified": false,
        "line_number": 98
      },
      {
        "type": "Hex High Entropy String",
        "filename": ".ansible/collections/ansible_collections/by_systems/opnsense/FILES.json",
        "hashed_secret": "01be70970a0b5519711e40a156983be234dc2121",
        "is_verified": false,
        "line_number": 105
      },
      {
        "type": "Hex High Entropy String",
        "filename": ".ansible/collections/ansible_collections/by_systems/opnsense/FILES.json",
        "hashed_secret": "3e9d1737117ff62b23e37aedc72b522b0134997a",
        "is_verified": false,
        "line_number": 126
      },
      {
        "type": "Hex High Entropy String",
        "filename": ".ansible/collections/ansible_collections/by_systems/opnsense/FILES.json",
        "hashed_secret": "0e58c172f4ed254cd8cc1d927b005fda71b94a84",
        "is_verified": false,
        "line_number": 133
      },
      {
        "type": "Hex High Entropy String",
        "filename": ".ansible/collections/ansible_collections/by_systems/opnsense/FILES.json",
        "hashed_secret": "2ea654d57d5ef29ec46c77124ab9f2fea57770cd",
        "is_verified": false,
        "line_number": 140
      },
      {
        "type": "Hex High Entropy String",
        "filename": ".ansible/collections/ansible_collections/by_systems/opnsense/FILES.json",
        "hashed_secret": "89d38415a2e17e5503f307e3567dd22dd241302a",
        "is_verified": false,
        "line_number": 147
      },
      {
        "type": "Hex High Entropy String",
        "filename": ".ansible/collections/ansible_collections/by_systems/opnsense/FILES.json",
        "hashed_secret": "acb5545fa18196af558ec0b0bf21e790c9c6b29f",
        "is_verified": false,
        "line_number": 161
      },
      {
        "type": "Hex High Entropy String",
        "filename": ".ansible/collections/ansible_collections/by_systems/opnsense/FILES.json",
        "hashed_secret": "593b41efe1708a3d99a3881ce7cbed46dd4b96c6",
        "is_verified": false,
        "line_number": 168
      },
      {
        "type": "Hex High Entropy String",
        "filename": ".ansible/collections/ansible_collections/by_systems/opnsense/FILES.json",
        "hashed_secret": "fb48b1b13e5f63971c102897413bae09c4f169f5",
        "is_verified": false,
        "line_number": 175
      },
      {
        "type": "Hex High Entropy String",
        "filename": ".ansible/collections/ansible_collections/by_systems/opnsense/FILES.json",
        "hashed_secret": "d03dcfd34eff5477bca0106a96d72cb9b51edb1e",
        "is_verified": false,
        "line_number": 182
      },
      {
        "type": "Hex High Entropy String",
        "filename": ".ansible/collections/ansible_collections/by_systems/opnsense/FILES.json",
        "hashed_secret": "c285a8fdd0edc3f2b84d47f6dbe6c4c9915e1dcf",
        "is_verified": false,
        "line_number": 189
      },
      {
        "type": "Hex High Entropy String",
        "filename": ".ansible/collections/ansible_collections/by_systems/opnsense/FILES.json",
        "hashed_secret": "4c258ac7120308a73bb90ab3a84534b98c8e3c32",
        "is_verified": false,
        "line_number": 196
      },
      {
        "type": "Hex High Entropy String",
        "filename": ".ansible/collections/ansible_collections/by_systems/opnsense/FILES.json",
        "hashed_secret": "4ba810272eacb64a7f4e171aaee6c93f3f6d4465",
        "is_verified": false,
        "line_number": 203
      },
      {
        "type": "Hex High Entropy String",
        "filename": ".ansible/collections/ansible_collections/by_systems/opnsense/FILES.json",
        "hashed_secret": "8be5f7ed157207be60b639c531005402e2643a53",
        "is_verified": false,
        "line_number": 231
      },
      {
        "type": "Hex High Entropy String",
        "filename": ".ansible/collections/ansible_collections/by_systems/opnsense/FILES.json",
        "hashed_secret": "93fda8efd647bdad88f59d3f11ddef3c7bc34801",
        "is_verified": false,
        "line_number": 245
      },
      {
        "type": "Hex High Entropy String",
        "filename": ".ansible/collections/ansible_collections/by_systems/opnsense/FILES.json",
        "hashed_secret": "a05f3193f6b5bc099099bc320f1979fcd1c75ba6",
        "is_verified": false,
        "line_number": 259
      },
      {
        "type": "Hex High Entropy String",
        "filename": ".ansible/collections/ansible_collections/by_systems/opnsense/FILES.json",
        "hashed_secret": "feed4e8e829a46ae823a309fd5853bf79db99c88",
        "is_verified": false,
        "line_number": 273
      },
      {
        "type": "Hex High Entropy String",
        "filename": ".ansible/collections/ansible_collections/by_systems/opnsense/FILES.json",
        "hashed_secret": "c55f633de45fafe80c3fd01045f659ad18072d60",
        "is_verified": false,
        "line_number": 287
      },
      {
        "type": "Hex High Entropy String",
        "filename": ".ansible/collections/ansible_collections/by_systems/opnsense/FILES.json",
        "hashed_secret": "db5521e976aabba2c06349d220258c13f6d8f8c4",
        "is_verified": false,
        "line_number": 308
      },
      {
        "type": "Hex High Entropy String",
        "filename": ".ansible/collections/ansible_collections/by_systems/opnsense/FILES.json",
        "hashed_secret": "88f37551cc67ee595849ae645a8336a5d5d6e3bb",
        "is_verified": false,
        "line_number": 322
      },
      {
        "type": "Hex High Entropy String",
        "filename": ".ansible/collections/ansible_collections/by_systems/opnsense/FILES.json",
        "hashed_secret": "0d0a72e7052fd1d1139d0261016d521f326acf9e",
        "is_verified": false,
        "line_number": 336
      },
      {
        "type": "Hex High Entropy String",
        "filename": ".ansible/collections/ansible_collections/by_systems/opnsense/FILES.json",
        "hashed_secret": "4865337ed323517c26e6a4208a715d8a2571ce4b",
        "is_verified": false,
        "line_number": 350
      },
      {
        "type": "Hex High Entropy String",
        "filename": ".ansible/collections/ansible_collections/by_systems/opnsense/FILES.json",
        "hashed_secret": "6553a92e9aeb4f35874f8f0549bbbe3058348461",
        "is_verified": false,
        "line_number": 364
      },
      {
        "type": "Hex High Entropy String",
        "filename": ".ansible/collections/ansible_collections/by_systems/opnsense/FILES.json",
        "hashed_secret": "0a4b6a75aaf7f63e6077cbf9041c4cca181177a3",
        "is_verified": false,
        "line_number": 385
      },
      {
        "type": "Hex High Entropy String",
        "filename": ".ansible/collections/ansible_collections/by_systems/opnsense/FILES.json",
        "hashed_secret": "a91117d6a3aa0110fa10815e16aef3cd6c11881b",
        "is_verified": false,
        "line_number": 399
      },
      {
        "type": "Hex High Entropy String",
        "filename": ".ansible/collections/ansible_collections/by_systems/opnsense/FILES.json",
        "hashed_secret": "0bfe2f4f6745476005c4195b5c47da3ad8961e56",
        "is_verified": false,
        "line_number": 413
      },
      {
        "type": "Hex High Entropy String",
        "filename": ".ansible/collections/ansible_collections/by_systems/opnsense/FILES.json",
        "hashed_secret": "3a51452b7869fe8893a84554807dbd244ddb1b1d",
        "is_verified": false,
        "line_number": 427
      },
      {
        "type": "Hex High Entropy String",
        "filename": ".ansible/collections/ansible_collections/by_systems/opnsense/FILES.json",
        "hashed_secret": "475ddce15057a420ab8313da19cdc06cb038fa8f",
        "is_verified": false,
        "line_number": 441
      },
      {
        "type": "Hex High Entropy String",
        "filename": ".ansible/collections/ansible_collections/by_systems/opnsense/FILES.json",
        "hashed_secret": "b6534583d62669fb1ce3979d09ceee1a18feaa02",
        "is_verified": false,
        "line_number": 462
      },
      {
        "type": "Hex High Entropy String",
        "filename": ".ansible/collections/ansible_collections/by_systems/opnsense/FILES.json",
        "hashed_secret": "e8a9dc43ebedf231e8bc8728ad2fe9934dad3742",
        "is_verified": false,
        "line_number": 476
      },
      {
        "type": "Hex High Entropy String",
        "filename": ".ansible/collections/ansible_collections/by_systems/opnsense/FILES.json",
        "hashed_secret": "1e119dd5c23a336a1577ccccbb2de307085ea10e",
        "is_verified": false,
        "line_number": 490
      },
      {
        "type": "Hex High Entropy String",
        "filename": ".ansible/collections/ansible_collections/by_systems/opnsense/FILES.json",
        "hashed_secret": "b90332e92f0be103fb5c08887bdd2db6fbd3a82a",
        "is_verified": false,
        "line_number": 504
      },
      {
        "type": "Hex High Entropy String",
        "filename": ".ansible/collections/ansible_collections/by_systems/opnsense/FILES.json",
        "hashed_secret": "f145b760bee9175b198b9f325e482733536f6725",
        "is_verified": false,
        "line_number": 518
      },
      {
        "type": "Hex High Entropy String",
        "filename": ".ansible/collections/ansible_collections/by_systems/opnsense/FILES.json",
        "hashed_secret": "2b02cd7e1f71f5068f201b2cfd8ecac92dbfb3d6",
        "is_verified": false,
        "line_number": 539
      },
      {
        "type": "Hex High Entropy String",
        "filename": ".ansible/collections/ansible_collections/by_systems/opnsense/FILES.json",
        "hashed_secret": "07b5760495bc76538e2661c1df2a61589d632287",
        "is_verified": false,
        "line_number": 553
      },
      {
        "type": "Hex High Entropy String",
        "filename": ".ansible/collections/ansible_collections/by_systems/opnsense/FILES.json",
        "hashed_secret": "0c973f158345860266fbf7be939ec30efe80efa6",
        "is_verified": false,
        "line_number": 567
      },
      {
        "type": "Hex High Entropy String",
        "filename": ".ansible/collections/ansible_collections/by_systems/opnsense/FILES.json",
        "hashed_secret": "7b7667d9bc4835ac797813cbd70cda78c4b46f91",
        "is_verified": false,
        "line_number": 581
      },
      {
        "type": "Hex High Entropy String",
        "filename": ".ansible/collections/ansible_collections/by_systems/opnsense/FILES.json",
        "hashed_secret": "4ba9584b4fde71ad647a2415621f2ce1931086e1",
        "is_verified": false,
        "line_number": 595
      },
      {
        "type": "Hex High Entropy String",
        "filename": ".ansible/collections/ansible_collections/by_systems/opnsense/FILES.json",
        "hashed_secret": "eaa42c3baa6301d087eec9912c353367b7bb2613",
        "is_verified": false,
        "line_number": 616
      },
      {
        "type": "Hex High Entropy String",
        "filename": ".ansible/collections/ansible_collections/by_systems/opnsense/FILES.json",
        "hashed_secret": "a87b73ae09ffe8b1db755cdb758ef5f018994e5d",
        "is_verified": false,
        "line_number": 630
      },
      {
        "type": "Hex High Entropy String",
        "filename": ".ansible/collections/ansible_collections/by_systems/opnsense/FILES.json",
        "hashed_secret": "c6b4997b62c5a362fc4b3ccde064aa3e182ef4a4",
        "is_verified": false,
        "line_number": 644
      },
      {
        "type": "Hex High Entropy String",
        "filename": ".ansible/collections/ansible_collections/by_systems/opnsense/FILES.json",
        "hashed_secret": "13b7327117ebdf35941185ae4a4432a0e5d05ab1",
        "is_verified": false,
        "line_number": 658
      },
      {
        "type": "Hex High Entropy String",
        "filename": ".ansible/collections/ansible_collections/by_systems/opnsense/FILES.json",
        "hashed_secret": "afd173a292095286794f914d6bbe3a7710e552e8",
        "is_verified": false,
        "line_number": 672
      },
      {
        "type": "Hex High Entropy String",
        "filename": ".ansible/collections/ansible_collections/by_systems/opnsense/FILES.json",
        "hashed_secret": "b485a263ad52fa60c1a449d4866a3256fb5aa44d",
        "is_verified": false,
        "line_number": 693
      },
      {
        "type": "Hex High Entropy String",
        "filename": ".ansible/collections/ansible_collections/by_systems/opnsense/FILES.json",
        "hashed_secret": "e335324c522278b98ae7d4459452f1f9bfa5b3a9",
        "is_verified": false,
        "line_number": 707
      },
      {
        "type": "Hex High Entropy String",
        "filename": ".ansible/collections/ansible_collections/by_systems/opnsense/FILES.json",
        "hashed_secret": "fb62540cf6e2dc3fcd7cf84ae35c1808c9b58f46",
        "is_verified": false,
        "line_number": 721
      },
      {
        "type": "Hex High Entropy String",
        "filename": ".ansible/collections/ansible_collections/by_systems/opnsense/FILES.json",
        "hashed_secret": "4b0fbc6029fc04266cf1bdc080bf545b44bfcede",
        "is_verified": false,
        "line_number": 735
      },
      {
        "type": "Hex High Entropy String",
        "filename": ".ansible/collections/ansible_collections/by_systems/opnsense/FILES.json",
        "hashed_secret": "e85dc2381a8b3586bdf74ff884386611a8964be7",
        "is_verified": false,
        "line_number": 749
      },
      {
        "type": "Hex High Entropy String",
        "filename": ".ansible/collections/ansible_collections/by_systems/opnsense/FILES.json",
        "hashed_secret": "f6ad881ed71f85b3d2d518b40ffc79de44713e37",
        "is_verified": false,
        "line_number": 770
      },
      {
        "type": "Hex High Entropy String",
        "filename": ".ansible/collections/ansible_collections/by_systems/opnsense/FILES.json",
        "hashed_secret": "362dff34e225a839ecb79ffe6b21dced1fe93780",
        "is_verified": false,
        "line_number": 784
      },
      {
        "type": "Hex High Entropy String",
        "filename": ".ansible/collections/ansible_collections/by_systems/opnsense/FILES.json",
        "hashed_secret": "3e03bff1ffa712070e5abd4a034553cc8b1a742e",
        "is_verified": false,
        "line_number": 798
      },
      {
        "type": "Hex High Entropy String",
        "filename": ".ansible/collections/ansible_collections/by_systems/opnsense/FILES.json",
        "hashed_secret": "e78ce4181b14ce60a2b4ea36e64fef5b284b881f",
        "is_verified": false,
        "line_number": 812
      },
      {
        "type": "Hex High Entropy String",
        "filename": ".ansible/collections/ansible_collections/by_systems/opnsense/FILES.json",
        "hashed_secret": "7e4055425385a24d6c9a4fb23dac93cf380b3e92",
        "is_verified": false,
        "line_number": 826
      },
      {
        "type": "Hex High Entropy String",
        "filename": ".ansible/collections/ansible_collections/by_systems/opnsense/FILES.json",
        "hashed_secret": "345b866cc4bb52bb5dd9be8755e2f60f91206ceb",
        "is_verified": false,
        "line_number": 847
      },
      {
        "type": "Hex High Entropy String",
        "filename": ".ansible/collections/ansible_collections/by_systems/opnsense/FILES.json",
        "hashed_secret": "c36b330b807f346b1933bc4911849167c7db8bd0",
        "is_verified": false,
        "line_number": 861
      },
      {
        "type": "Hex High Entropy String",
        "filename": ".ansible/collections/ansible_collections/by_systems/opnsense/FILES.json",
        "hashed_secret": "79307b9ebde45fd9645e2049b0ec30ef52bf1fc2",
        "is_verified": false,
        "line_number": 875
      },
      {
        "type": "Hex High Entropy String",
        "filename": ".ansible/collections/ansible_collections/by_systems/opnsense/FILES.json",
        "hashed_secret": "5fd4546a51609a7637fe57a4208a22761d797b1e",
        "is_verified": false,
        "line_number": 889
      },
      {
        "type": "Hex High Entropy String",
        "filename": ".ansible/collections/ansible_collections/by_systems/opnsense/FILES.json",
        "hashed_secret": "af18a171a65a1e33fece35b5ae2c0db64c7ed543",
        "is_verified": false,
        "line_number": 903
      },
      {
        "type": "Hex High Entropy String",
        "filename": ".ansible/collections/ansible_collections/by_systems/opnsense/FILES.json",
        "hashed_secret": "d89924302a3934ebfa66e9126bca83662788e776",
        "is_verified": false,
        "line_number": 924
      },
      {
        "type": "Hex High Entropy String",
        "filename": ".ansible/collections/ansible_collections/by_systems/opnsense/FILES.json",
        "hashed_secret": "f9b2f6b788d6bf4cde25d3288c83d1c1be7c8813",
        "is_verified": false,
        "line_number": 938
      },
      {
        "type": "Hex High Entropy String",
        "filename": ".ansible/collections/ansible_collections/by_systems/opnsense/FILES.json",
        "hashed_secret": "b7e1f82eefe17e693e72d5241851218c3a6124a1",
        "is_verified": false,
        "line_number": 952
      },
      {
        "type": "Hex High Entropy String",
        "filename": ".ansible/collections/ansible_collections/by_systems/opnsense/FILES.json",
        "hashed_secret": "933c9116168464478a36abfbdc345a002d801605",
        "is_verified": false,
        "line_number": 966
      },
      {
        "type": "Hex High Entropy String",
        "filename": ".ansible/collections/ansible_collections/by_systems/opnsense/FILES.json",
        "hashed_secret": "2ddeaaa51ebcbbf9444bac01ea2f9d0b256da1bf",
        "is_verified": false,
        "line_number": 980
      },
      {
        "type": "Hex High Entropy String",
        "filename": ".ansible/collections/ansible_collections/by_systems/opnsense/FILES.json",
        "hashed_secret": "cea9dda45a32fc984f2a8ddb533e457a0e437642",
        "is_verified": false,
        "line_number": 1001
      },
      {
        "type": "Hex High Entropy String",
        "filename": ".ansible/collections/ansible_collections/by_systems/opnsense/FILES.json",
        "hashed_secret": "eb006720b001e59db0a9a3507e202dd358cc4140",
        "is_verified": false,
        "line_number": 1015
      },
      {
        "type": "Hex High Entropy String",
        "filename": ".ansible/collections/ansible_collections/by_systems/opnsense/FILES.json",
        "hashed_secret": "1dd1affdaf835b5aa5439375901a2e5dc7f63671",
        "is_verified": false,
        "line_number": 1029
      },
      {
        "type": "Hex High Entropy String",
        "filename": ".ansible/collections/ansible_collections/by_systems/opnsense/FILES.json",
        "hashed_secret": "a1ee47ffb705f08cf524d170e7844b94f8997a29",
        "is_verified": false,
        "line_number": 1043
      },
      {
        "type": "Hex High Entropy String",
        "filename": ".ansible/collections/ansible_collections/by_systems/opnsense/FILES.json",
        "hashed_secret": "cb36d19f94df2458118b28d4fedc81485c674477",
        "is_verified": false,
        "line_number": 1057
      },
      {
        "type": "Hex High Entropy String",
        "filename": ".ansible/collections/ansible_collections/by_systems/opnsense/FILES.json",
        "hashed_secret": "da8e2aa917ee6d869b5a9c03d6a013fedeae211f",
        "is_verified": false,
        "line_number": 1064
      },
      {
        "type": "Hex High Entropy String",
        "filename": ".ansible/collections/ansible_collections/by_systems/opnsense/FILES.json",
        "hashed_secret": "8641d303955b78e7388dac9fece6dc5ef34f74c9",
        "is_verified": false,
        "line_number": 1071
      },
      {
        "type": "Hex High Entropy String",
        "filename": ".ansible/collections/ansible_collections/by_systems/opnsense/FILES.json",
        "hashed_secret": "a783bbc075b182425d693e2aa743884ceb76344b",
        "is_verified": false,
        "line_number": 1106
      },
      {
        "type": "Hex High Entropy String",
        "filename": ".ansible/collections/ansible_collections/by_systems/opnsense/FILES.json",
        "hashed_secret": "b97714c8c7e51061e0194f748ac8c2d404ae4b46",
        "is_verified": false,
        "line_number": 1120
      },
      {
        "type": "Hex High Entropy String",
        "filename": ".ansible/collections/ansible_collections/by_systems/opnsense/FILES.json",
        "hashed_secret": "b0ee813556a85fa1241dbf68de064607c0111074",
        "is_verified": false,
        "line_number": 1127
      },
      {
        "type": "Hex High Entropy String",
        "filename": ".ansible/collections/ansible_collections/by_systems/opnsense/FILES.json",
        "hashed_secret": "31cc18546fa993c8b67e6d5a372efab82d4476c5",
        "is_verified": false,
        "line_number": 1134
      },
      {
        "type": "Hex High Entropy String",
        "filename": ".ansible/collections/ansible_collections/by_systems/opnsense/FILES.json",
        "hashed_secret": "cf5732dfe7560331467537b4863487d2d1488716",
        "is_verified": false,
        "line_number": 1141
      },
      {
        "type": "Hex High Entropy String",
        "filename": ".ansible/collections/ansible_collections/by_systems/opnsense/FILES.json",
        "hashed_secret": "75c0c750d08356ba2310fde029880f3ab8bdef35",
        "is_verified": false,
        "line_number": 1176
      },
      {
        "type": "Hex High Entropy String",
        "filename": ".ansible/collections/ansible_collections/by_systems/opnsense/FILES.json",
        "hashed_secret": "4e0a90faf5d2ecc8293a7eac658640fe80d5ac90",
        "is_verified": false,
        "line_number": 1183
      },
      {
        "type": "Hex High Entropy String",
        "filename": ".ansible/collections/ansible_collections/by_systems/opnsense/FILES.json",
        "hashed_secret": "f4e2ca3e4251da65ead0821d48755ee9d15880bc",
        "is_verified": false,
        "line_number": 1190
      },
      {
        "type": "Hex High Entropy String",
        "filename": ".ansible/collections/ansible_collections/by_systems/opnsense/FILES.json",
        "hashed_secret": "4d962578247abd81a2f2a0e301d4de13601db99d",
        "is_verified": false,
        "line_number": 1197
      },
      {
        "type": "Hex High Entropy String",
        "filename": ".ansible/collections/ansible_collections/by_systems/opnsense/FILES.json",
        "hashed_secret": "5ae653a29940f108fa0d39470f7456475e2a175b",
        "is_verified": false,
        "line_number": 1204
      },
      {
        "type": "Hex High Entropy String",
        "filename": ".ansible/collections/ansible_collections/by_systems/opnsense/FILES.json",
        "hashed_secret": "7911898a7e8e76753ea037629959a046c7c594b3",
        "is_verified": false,
        "line_number": 1211
      },
      {
        "type": "Hex High Entropy String",
        "filename": ".ansible/collections/ansible_collections/by_systems/opnsense/FILES.json",
        "hashed_secret": "0f007d30da122154f4142c37177c97de8ac51b2b",
        "is_verified": false,
        "line_number": 1218
      },
      {
        "type": "Hex High Entropy String",
        "filename": ".ansible/collections/ansible_collections/by_systems/opnsense/FILES.json",
        "hashed_secret": "2d5f284a9dff74fa4c8012602470bc5a507cb7ee",
        "is_verified": false,
        "line_number": 1225
      },
      {
        "type": "Hex High Entropy String",
        "filename": ".ansible/collections/ansible_collections/by_systems/opnsense/FILES.json",
        "hashed_secret": "bd472d91020e8013da9592065af0810cbbee0417",
        "is_verified": false,
        "line_number": 1232
      },
      {
        "type": "Hex High Entropy String",
        "filename": ".ansible/collections/ansible_collections/by_systems/opnsense/FILES.json",
        "hashed_secret": "df874bb08a5da08c1b19b56c6d418f3ab2f41b46",
        "is_verified": false,
        "line_number": 1239
      },
      {
        "type": "Hex High Entropy String",
        "filename": ".ansible/collections/ansible_collections/by_systems/opnsense/FILES.json",
        "hashed_secret": "976b2e0f234d9606df6b302bba411e57cf2a6f04",
        "is_verified": false,
        "line_number": 1246
      },
      {
        "type": "Hex High Entropy String",
        "filename": ".ansible/collections/ansible_collections/by_systems/opnsense/FILES.json",
        "hashed_secret": "172836fde073fb22d3ebc7008dac7d6d35800dcf",
        "is_verified": false,
        "line_number": 1253
      },
      {
        "type": "Hex High Entropy String",
        "filename": ".ansible/collections/ansible_collections/by_systems/opnsense/FILES.json",
        "hashed_secret": "4108a9285b5b149f46f835b2e8857899e4f5e0b6",
        "is_verified": false,
        "line_number": 1260
      },
      {
        "type": "Hex High Entropy String",
        "filename": ".ansible/collections/ansible_collections/by_systems/opnsense/FILES.json",
        "hashed_secret": "f78d8b0053871c133e36c3963657419abf2975fb",
        "is_verified": false,
        "line_number": 1267
      },
      {
        "type": "Hex High Entropy String",
        "filename": ".ansible/collections/ansible_collections/by_systems/opnsense/FILES.json",
        "hashed_secret": "a05f3872df043ecb5ccec0f01b8d53ee4d2e3a1a",
        "is_verified": false,
        "line_number": 1274
      },
      {
        "type": "Hex High Entropy String",
        "filename": ".ansible/collections/ansible_collections/by_systems/opnsense/FILES.json",
        "hashed_secret": "3da8ce29ff6bc6d34fb49cf8a4bd7a37bc461236",
        "is_verified": false,
        "line_number": 1281
      },
      {
        "type": "Hex High Entropy String",
        "filename": ".ansible/collections/ansible_collections/by_systems/opnsense/FILES.json",
        "hashed_secret": "d04a8a0d40cff1e0c9cd4e0192572c653cb14db6",
        "is_verified": false,
        "line_number": 1288
      },
      {
        "type": "Hex High Entropy String",
        "filename": ".ansible/collections/ansible_collections/by_systems/opnsense/FILES.json",
        "hashed_secret": "aeff80e322bdf73ce30e9131394f8c87fe130a86",
        "is_verified": false,
        "line_number": 1295
      },
      {
        "type": "Hex High Entropy String",
        "filename": ".ansible/collections/ansible_collections/by_systems/opnsense/FILES.json",
        "hashed_secret": "ebd208c6fc8f44c15de072f4dd33dda0077f31fc",
        "is_verified": false,
        "line_number": 1302
      },
      {
        "type": "Hex High Entropy String",
        "filename": ".ansible/collections/ansible_collections/by_systems/opnsense/FILES.json",
        "hashed_secret": "a5daa80b7f0fb9bbcb18293fc2acdc32c0fae00a",
        "is_verified": false,
        "line_number": 1309
      },
      {
        "type": "Hex High Entropy String",
        "filename": ".ansible/collections/ansible_collections/by_systems/opnsense/FILES.json",
        "hashed_secret": "408b80bfe599a5e65767a33374a151a321aa22f3",
        "is_verified": false,
        "line_number": 1316
      },
      {
        "type": "Hex High Entropy String",
        "filename": ".ansible/collections/ansible_collections/by_systems/opnsense/FILES.json",
        "hashed_secret": "bf202e070c72f83417bafa5fb948c04291faf3e2",
        "is_verified": false,
        "line_number": 1323
      },
      {
        "type": "Hex High Entropy String",
        "filename": ".ansible/collections/ansible_collections/by_systems/opnsense/FILES.json",
        "hashed_secret": "183389d34e4991b094b45fa35ab4523b6887615d",
        "is_verified": false,
        "line_number": 1330
      },
      {
        "type": "Hex High Entropy String",
        "filename": ".ansible/collections/ansible_collections/by_systems/opnsense/FILES.json",
        "hashed_secret": "7b50d99823ca27db1a567c9c059bea78043d1d27",
        "is_verified": false,
        "line_number": 1337
      },
      {
        "type": "Hex High Entropy String",
        "filename": ".ansible/collections/ansible_collections/by_systems/opnsense/FILES.json",
        "hashed_secret": "831165bc5134a82965d3125af6955c148de763e5",
        "is_verified": false,
        "line_number": 1344
      },
      {
        "type": "Hex High Entropy String",
        "filename": ".ansible/collections/ansible_collections/by_systems/opnsense/FILES.json",
        "hashed_secret": "61e4fbd8327e3b32622f68a2596a9ec2c6a2c7fe",
        "is_verified": false,
        "line_number": 1351
      },
      {
        "type": "Hex High Entropy String",
        "filename": ".ansible/collections/ansible_collections/by_systems/opnsense/FILES.json",
        "hashed_secret": "1d11b3a36acea2c3d7451710ed8132c8c8a5c9de",
        "is_verified": false,
        "line_number": 1358
      },
      {
        "type": "Hex High Entropy String",
        "filename": ".ansible/collections/ansible_collections/by_systems/opnsense/FILES.json",
        "hashed_secret": "cf00b9807291483b7dc15a8ea518afa02e9e02d7",
        "is_verified": false,
        "line_number": 1365
      },
      {
        "type": "Hex High Entropy String",
        "filename": ".ansible/collections/ansible_collections/by_systems/opnsense/FILES.json",
        "hashed_secret": "159f1a24f8129c2b1d63cf0c24fe735bbc848f33",
        "is_verified": false,
        "line_number": 1372
      },
      {
        "type": "Hex High Entropy String",
        "filename": ".ansible/collections/ansible_collections/by_systems/opnsense/FILES.json",
        "hashed_secret": "39b0f61f02d893420f51548d89200f30857b6647",
        "is_verified": false,
        "line_number": 1379
      },
      {
        "type": "Hex High Entropy String",
        "filename": ".ansible/collections/ansible_collections/by_systems/opnsense/FILES.json",
        "hashed_secret": "a4269a5398dfc6a5e7da739760e978a283d3e0f9",
        "is_verified": false,
        "line_number": 1386
      },
      {
        "type": "Hex High Entropy String",
        "filename": ".ansible/collections/ansible_collections/by_systems/opnsense/FILES.json",
        "hashed_secret": "0d4ca4dddc60141271435c23751611f80567df93",
        "is_verified": false,
        "line_number": 1393
      },
      {
        "type": "Hex High Entropy String",
        "filename": ".ansible/collections/ansible_collections/by_systems/opnsense/FILES.json",
        "hashed_secret": "615cd9aa530a6878e44c5e5a0205e55bc1a34889",
        "is_verified": false,
        "line_number": 1400
      },
      {
        "type": "Hex High Entropy String",
        "filename": ".ansible/collections/ansible_collections/by_systems/opnsense/FILES.json",
        "hashed_secret": "6b37bde56a578fb9f76ad22044722e8720f63d7c",
        "is_verified": false,
        "line_number": 1407
      },
      {
        "type": "Hex High Entropy String",
        "filename": ".ansible/collections/ansible_collections/by_systems/opnsense/FILES.json",
        "hashed_secret": "b2b4ef5568ba283f30c27db4eb06507c25d2b84d",
        "is_verified": false,
        "line_number": 1414
      },
      {
        "type": "Hex High Entropy String",
        "filename": ".ansible/collections/ansible_collections/by_systems/opnsense/FILES.json",
        "hashed_secret": "4ebe88eb7ee834a4e212f285c4c72635edcfc96e",
        "is_verified": false,
        "line_number": 1421
      },
      {
        "type": "Hex High Entropy String",
        "filename": ".ansible/collections/ansible_collections/by_systems/opnsense/FILES.json",
        "hashed_secret": "70b3934320c263a4738bdc5e9140f7a07fb859cf",
        "is_verified": false,
        "line_number": 1428
      },
      {
        "type": "Hex High Entropy String",
        "filename": ".ansible/collections/ansible_collections/by_systems/opnsense/FILES.json",
        "hashed_secret": "6c9e4bdf6984acb025d15ef55898eeee26bbdfbf",
        "is_verified": false,
        "line_number": 1435
      },
      {
        "type": "Hex High Entropy String",
        "filename": ".ansible/collections/ansible_collections/by_systems/opnsense/FILES.json",
        "hashed_secret": "4b0467f8af04b9a2fd924a00de0e3fc2dfe43f10",
        "is_verified": false,
        "line_number": 1442
      },
      {
        "type": "Hex High Entropy String",
        "filename": ".ansible/collections/ansible_collections/by_systems/opnsense/FILES.json",
        "hashed_secret": "d9cca5c2e152ab76e033e7cbc4a1d439a6b7ab20",
        "is_verified": false,
        "line_number": 1449
      },
      {
        "type": "Hex High Entropy String",
        "filename": ".ansible/collections/ansible_collections/by_systems/opnsense/FILES.json",
        "hashed_secret": "40482ca695fafb30f43c5169fd5105e934c84f7d",
        "is_verified": false,
        "line_number": 1456
      },
      {
        "type": "Hex High Entropy String",
        "filename": ".ansible/collections/ansible_collections/by_systems/opnsense/FILES.json",
        "hashed_secret": "fd48385045a4eb7b4309138b30e9a11c202382e7",
        "is_verified": false,
        "line_number": 1463
      },
      {
        "type": "Hex High Entropy String",
        "filename": ".ansible/collections/ansible_collections/by_systems/opnsense/FILES.json",
        "hashed_secret": "a9db5f1951ed109471ac9b7f22a98e6d2d6c8dcc",
        "is_verified": false,
        "line_number": 1470
      },
      {
        "type": "Hex High Entropy String",
        "filename": ".ansible/collections/ansible_collections/by_systems/opnsense/FILES.json",
        "hashed_secret": "2aa33efd3e1e37068e694d7ecf78ac9680db4127",
        "is_verified": false,
        "line_number": 1477
      },
      {
        "type": "Hex High Entropy String",
        "filename": ".ansible/collections/ansible_collections/by_systems/opnsense/FILES.json",
        "hashed_secret": "77aab67598a937020c3ef169a957065c34b04d3c",
        "is_verified": false,
        "line_number": 1484
      },
      {
        "type": "Hex High Entropy String",
        "filename": ".ansible/collections/ansible_collections/by_systems/opnsense/FILES.json",
        "hashed_secret": "db9aff137b258cb2817af29296e046634d2a112f",
        "is_verified": false,
        "line_number": 1491
      },
      {
        "type": "Hex High Entropy String",
        "filename": ".ansible/collections/ansible_collections/by_systems/opnsense/FILES.json",
        "hashed_secret": "c84b0d966f5517b403b341adb7020a6c15bd948b",
        "is_verified": false,
        "line_number": 1505
      },
      {
        "type": "Hex High Entropy String",
        "filename": ".ansible/collections/ansible_collections/by_systems/opnsense/FILES.json",
        "hashed_secret": "3018f375a0cb494fc74564ffad2c5286b3e158c5",
        "is_verified": false,
        "line_number": 1512
      },
      {
        "type": "Hex High Entropy String",
        "filename": ".ansible/collections/ansible_collections/by_systems/opnsense/FILES.json",
        "hashed_secret": "0b90e3b0cfdfe12623d05630f8041916da750bd1",
        "is_verified": false,
        "line_number": 1519
      },
      {
        "type": "Hex High Entropy String",
        "filename": ".ansible/collections/ansible_collections/by_systems/opnsense/FILES.json",
        "hashed_secret": "a8692bd55816070cadb74d7060d65b3316cd7eef",
        "is_verified": false,
        "line_number": 1526
      },
      {
        "type": "Hex High Entropy String",
        "filename": ".ansible/collections/ansible_collections/by_systems/opnsense/FILES.json",
        "hashed_secret": "3f74cbd26a1d393471ff459547a2721efa55bf07",
        "is_verified": false,
        "line_number": 1533
      },
      {
        "type": "Hex High Entropy String",
        "filename": ".ansible/collections/ansible_collections/by_systems/opnsense/FILES.json",
        "hashed_secret": "e1ca1b0057c7f78c252bf0c0a75c70f8b2eb9f0c",
        "is_verified": false,
        "line_number": 1540
      },
      {
        "type": "Hex High Entropy String",
        "filename": ".ansible/collections/ansible_collections/by_systems/opnsense/FILES.json",
        "hashed_secret": "2c1e93724c7f04c3ea0b23bd19c0e7d82a71c1d9",
        "is_verified": false,
        "line_number": 1547
      },
      {
        "type": "Hex High Entropy String",
        "filename": ".ansible/collections/ansible_collections/by_systems/opnsense/FILES.json",
        "hashed_secret": "52b6c2c3fe1bf3c5287be00aee0e0f37994909e7",
        "is_verified": false,
        "line_number": 1554
      },
      {
        "type": "Hex High Entropy String",
        "filename": ".ansible/collections/ansible_collections/by_systems/opnsense/FILES.json",
        "hashed_secret": "e3df22aa1915839d9a29ac299a3f5dbddfcc042a",
        "is_verified": false,
        "line_number": 1568
      },
      {
        "type": "Hex High Entropy String",
        "filename": ".ansible/collections/ansible_collections/by_systems/opnsense/FILES.json",
        "hashed_secret": "fa1c18be3c07417fcb3a71fefe0de449ba470df7",
        "is_verified": false,
        "line_number": 1596
      }
    ],
    ".ansible/collections/ansible_collections/by_systems/opnsense/MANIFEST.json": [
      {
        "type": "Hex High Entropy String",
        "filename": ".ansible/collections/ansible_collections/by_systems/opnsense/MANIFEST.json",
        "hashed_secret": "caccfeb3e88cd0a6c08fbb73c6e3464a39c71dba",
        "is_verified": false,
        "line_number": 26
      }
    ],
    ".ansible/collections/ansible_collections/by_systems/opnsense/docs/inventory.md": [
      {
        "type": "Secret Keyword",
        "filename": ".ansible/collections/ansible_collections/by_systems/opnsense/docs/inventory.md",
        "hashed_secret": "724fc7d1f760995015ee1047469166f685d1be73",
        "is_verified": false,
        "line_number": 36
      }
    ],
    ".ansible/collections/ansible_collections/by_systems/opnsense/plugins/modules/opnsense_wg_client.py": [
      {
        "type": "Base64 High Entropy String",
        "filename": ".ansible/collections/ansible_collections/by_systems/opnsense/plugins/modules/opnsense_wg_client.py",
        "hashed_secret": "3a5fc8199a0e4bde1d01d7c8843ba1e62a456cba",
        "is_verified": false,
        "line_number": 98
      }
    ],
    "docs/inventory.md": [
      {
        "type": "Secret Keyword",
        "filename": "docs/inventory.md",
        "hashed_secret": "724fc7d1f760995015ee1047469166f685d1be73",
        "is_verified": false,
        "line_number": 36
      }
    ],
    "playbooks/auth/test_errors.yml": [
      {
        "type": "Secret Keyword",
        "filename": "playbooks/auth/test_errors.yml",
        "hashed_secret": "c243e688f419f1244ad9ceac9ed6904399d293f6",
        "is_verified": false,
        "line_number": 44
      }
    ],
    "playbooks/dhcp/test_errors.yml": [
      {
        "type": "Secret Keyword",
        "filename": "playbooks/dhcp/test_errors.yml",
        "hashed_secret": "c243e688f419f1244ad9ceac9ed6904399d293f6",
        "is_verified": false,
        "line_number": 45
      }
    ],
    "playbooks/dns/test_errors.yml": [
      {
        "type": "Secret Keyword",
        "filename": "playbooks/dns/test_errors.yml",
        "hashed_secret": "c243e688f419f1244ad9ceac9ed6904399d293f6",
        "is_verified": false,
        "line_number": 47
      }
    ],
    "playbooks/firewall/test_errors.yml": [
      {
        "type": "Secret Keyword",
        "filename": "playbooks/firewall/test_errors.yml",
        "hashed_secret": "c243e688f419f1244ad9ceac9ed6904399d293f6",
        "is_verified": false,
        "line_number": 48
      }
    ],
    "playbooks/interfaces/test_errors.yml": [
      {
        "type": "Secret Keyword",
        "filename": "playbooks/interfaces/test_errors.yml",
        "hashed_secret": "c243e688f419f1244ad9ceac9ed6904399d293f6",
        "is_verified": false,
        "line_number": 46
      }
    ],
    "playbooks/routing/test_errors.yml": [
      {
        "type": "Secret Keyword",
        "filename": "playbooks/routing/test_errors.yml",
        "hashed_secret": "c243e688f419f1244ad9ceac9ed6904399d293f6",
        "is_verified": false,
        "line_number": 42
      }
    ],
    "playbooks/services/test_errors.yml": [
      {
        "type": "Secret Keyword",
        "filename": "playbooks/services/test_errors.yml",
        "hashed_secret": "c243e688f419f1244ad9ceac9ed6904399d293f6",
        "is_verified": false,
        "line_number": 45
      }
    ],
    "playbooks/shaper/test_errors.yml": [
      {
        "type": "Secret Keyword",
        "filename": "playbooks/shaper/test_errors.yml",
        "hashed_secret": "c243e688f419f1244ad9ceac9ed6904399d293f6",
        "is_verified": false,
        "line_number": 48
      }
    ],
    "playbooks/trust/test_errors.yml": [
      {
        "type": "Secret Keyword",
        "filename": "playbooks/trust/test_errors.yml",
        "hashed_secret": "c243e688f419f1244ad9ceac9ed6904399d293f6",
        "is_verified": false,
        "line_number": 45
      }
    ],
    "playbooks/vpn/test_errors.yml": [
      {
        "type": "Secret Keyword",
        "filename": "playbooks/vpn/test_errors.yml",
        "hashed_secret": "c243e688f419f1244ad9ceac9ed6904399d293f6",
        "is_verified": false,
        "line_number": 43
      }
    ],
    "plugins/modules/opnsense_wg_client.py": [
      {
        "type": "Base64 High Entropy String",
        "filename": "plugins/modules/opnsense_wg_client.py",
        "hashed_secret": "3a5fc8199a0e4bde1d01d7c8843ba1e62a456cba",
        "is_verified": false,
        "line_number": 98
      }
    ]
  },
  "generated_at": "2026-08-20T23:24:11Z"
}
